{
  "type": "media",
  "bundle": "image",
  "name": "B15.tiff",
  "use": [
    "Preservation Master File",
    "Original File"
  ],
  "media_of": "Derivative Image 04"
}
