{
  "type": "media",
  "bundle": "fits_technical_metadata",
  "name": "40-FITS File.xml",
  "use": [
    "FITS File"
  ],
  "media_of": "Derivative Large Video"
}
