{
  "type": "media",
  "bundle": "fits_technical_metadata",
  "name": "39-FITS File.xml",
  "use": [
    "FITS File"
  ],
  "media_of": "Derivative Small Video"
}
