{
  "type": "media",
  "bundle": "fits_technical_metadata",
  "name": "37-FITS File.xml",
  "use": [
    "FITS File"
  ],
  "media_of": "Derivative Image 04"
}
