{
  "type": "media",
  "bundle": "fits_technical_metadata",
  "name": "38-FITS File.xml",
  "use": [
    "FITS File"
  ],
  "media_of": "Derivative Image 05"
}
